// Jest Snapshot v1, https://goo.gl/fbAQLP

exports[`Login Deve ter um snapshot igual 1`] = `
<section class="hero is-fullheight is-dark">
  <div class="hero-body">
    <div class="columns is-fullwidth">
      <div class="column is-4 is-offset-4">
        <div class="box">
          <h1 class="title has-text-centered has-text-dark">Login</h1>
          <div class="field"><label class="label">Email</label>
            <div class="control"><input type="text" class="input"></div>
          </div>
          <div class="field"><label class="label">Senha</label>
            <div class="control"><input type="password" class="input"></div>
          </div>
          <div class="control"><button class="button is-dark is-fullwidth">Entrar</button></div>
        </div>
      </div>
    </div>
  </div>
</section>
`;
